<?xml version="1.0" encoding="UTF-8"?>
<testsuites name="jest tests" tests="17" failures="0" time="5.618">
  <testsuite name="renders button" errors="0" failures="0" skipped="0" timestamp="2020-09-20T21:42:50" time="2.683" tests="2">
    <testcase classname="renders button default MD button check snapshot" name="renders button default MD button check snapshot" time="0.139">
    </testcase>
    <testcase classname="renders button extra small XS button check snapshot" name="renders button extra small XS button check snapshot" time="0.014">
    </testcase>
  </testsuite>
  <testsuite name="renders layout" errors="0" failures="0" skipped="0" timestamp="2020-09-20T21:42:50" time="3.093" tests="1">
    <testcase classname="renders layout layout matches snapshot" name="renders layout layout matches snapshot" time="0.076">
    </testcase>
  </testsuite>
  <testsuite name="renders collapsed text" errors="0" failures="0" skipped="0" timestamp="2020-09-20T21:42:50" time="2.918" tests="3">
    <testcase classname="renders collapsed text not collapsed text matches snapshot" name="renders collapsed text not collapsed text matches snapshot" time="0.057">
    </testcase>
    <testcase classname="renders collapsed text check not collapsed text" name="renders collapsed text check not collapsed text" time="0.081">
    </testcase>
    <testcase classname="renders collapsed text check collapsed text, check click on &quot;read more&quot;" name="renders collapsed text check collapsed text, check click on &quot;read more&quot;" time="0.221">
    </testcase>
  </testsuite>
  <testsuite name="renders infinite scroll" errors="0" failures="0" skipped="0" timestamp="2020-09-20T21:42:50" time="3.384" tests="3">
    <testcase classname="renders infinite scroll infinite scroll snapshot" name="renders infinite scroll infinite scroll snapshot" time="0.041">
    </testcase>
    <testcase classname="renders infinite scroll infinite scroll with loading snapshot" name="renders infinite scroll infinite scroll with loading snapshot" time="0.126">
    </testcase>
    <testcase classname="renders infinite scroll infinite scroll IntersectionObserver API are called" name="renders infinite scroll infinite scroll IntersectionObserver API are called" time="0.011">
    </testcase>
  </testsuite>
  <testsuite name="renders input group" errors="0" failures="0" skipped="0" timestamp="2020-09-20T21:42:50" time="3.222" tests="3">
    <testcase classname="renders input group input group matches snapshot" name="renders input group input group matches snapshot" time="0.054">
    </testcase>
    <testcase classname="renders input group check onchange in input group" name="renders input group check onchange in input group" time="0.198">
    </testcase>
    <testcase classname="renders input group check &quot;floating&quot; label" name="renders input group check &quot;floating&quot; label" time="0.111">
    </testcase>
  </testsuite>
  <testsuite name="renders theme" errors="0" failures="0" skipped="0" timestamp="2020-09-20T21:42:50" time="3.36" tests="1">
    <testcase classname="renders theme theme snapshot" name="renders theme theme snapshot" time="0.097">
    </testcase>
  </testsuite>
  <testsuite name="renders themes filter" errors="0" failures="0" skipped="0" timestamp="2020-09-20T21:42:50" time="3.361" tests="3">
    <testcase classname="renders themes filter themes filter snapshot" name="renders themes filter themes filter snapshot" time="0.105">
    </testcase>
    <testcase classname="renders themes filter themes filter focus input and check items" name="renders themes filter themes filter focus input and check items" time="0.121">
    </testcase>
    <testcase classname="renders themes filter themes filter check select / clear" name="renders themes filter themes filter check select / clear" time="0.051">
    </testcase>
  </testsuite>
  <testsuite name="renders reviews" errors="0" failures="0" skipped="0" timestamp="2020-09-20T21:42:50" time="3.665" tests="1">
    <testcase classname="renders reviews reviews snapshot" name="renders reviews reviews snapshot" time="0.161">
    </testcase>
  </testsuite>
</testsuites>